Archive member included to satisfy reference by file (symbol)

/home/linux/Documents/STM/arm_compiler/gcc-arm-none-eabi-10.3-2021.10/bin/../lib/gcc/arm-none-eabi/10.3.1/../../../../arm-none-eabi/lib/thumb/v7e-m+fp/hard/libc_nano.a(lib_a-exit.o)
                              /home/linux/Documents/STM/arm_compiler/gcc-arm-none-eabi-10.3-2021.10/bin/../lib/gcc/arm-none-eabi/10.3.1/../../../../arm-none-eabi/lib/thumb/v7e-m+fp/hard/crt0.o (exit)
/home/linux/Documents/STM/arm_compiler/gcc-arm-none-eabi-10.3-2021.10/bin/../lib/gcc/arm-none-eabi/10.3.1/../../../../arm-none-eabi/lib/thumb/v7e-m+fp/hard/libc_nano.a(lib_a-impure.o)
                              /home/linux/Documents/STM/arm_compiler/gcc-arm-none-eabi-10.3-2021.10/bin/../lib/gcc/arm-none-eabi/10.3.1/../../../../arm-none-eabi/lib/thumb/v7e-m+fp/hard/libc_nano.a(lib_a-exit.o) (_global_impure_ptr)
/home/linux/Documents/STM/arm_compiler/gcc-arm-none-eabi-10.3-2021.10/bin/../lib/gcc/arm-none-eabi/10.3.1/../../../../arm-none-eabi/lib/thumb/v7e-m+fp/hard/libc_nano.a(lib_a-init.o)
                              /home/linux/Documents/STM/arm_compiler/gcc-arm-none-eabi-10.3-2021.10/bin/../lib/gcc/arm-none-eabi/10.3.1/../../../../arm-none-eabi/lib/thumb/v7e-m+fp/hard/crt0.o (__libc_init_array)
/home/linux/Documents/STM/arm_compiler/gcc-arm-none-eabi-10.3-2021.10/bin/../lib/gcc/arm-none-eabi/10.3.1/../../../../arm-none-eabi/lib/thumb/v7e-m+fp/hard/libc_nano.a(lib_a-memset.o)
                              /home/linux/Documents/STM/arm_compiler/gcc-arm-none-eabi-10.3-2021.10/bin/../lib/gcc/arm-none-eabi/10.3.1/../../../../arm-none-eabi/lib/thumb/v7e-m+fp/hard/crt0.o (memset)
/home/linux/Documents/STM/arm_compiler/gcc-arm-none-eabi-10.3-2021.10/bin/../lib/gcc/arm-none-eabi/10.3.1/../../../../arm-none-eabi/lib/thumb/v7e-m+fp/hard/libnosys.a(_exit.o)
                              /home/linux/Documents/STM/arm_compiler/gcc-arm-none-eabi-10.3-2021.10/bin/../lib/gcc/arm-none-eabi/10.3.1/../../../../arm-none-eabi/lib/thumb/v7e-m+fp/hard/libc_nano.a(lib_a-exit.o) (_exit)

Discarded input sections

 .text          0x0000000000000000        0x0 /home/linux/Documents/STM/arm_compiler/gcc-arm-none-eabi-10.3-2021.10/bin/../lib/gcc/arm-none-eabi/10.3.1/thumb/v7e-m+fp/hard/crti.o
 .data          0x0000000000000000        0x0 /home/linux/Documents/STM/arm_compiler/gcc-arm-none-eabi-10.3-2021.10/bin/../lib/gcc/arm-none-eabi/10.3.1/thumb/v7e-m+fp/hard/crti.o
 .bss           0x0000000000000000        0x0 /home/linux/Documents/STM/arm_compiler/gcc-arm-none-eabi-10.3-2021.10/bin/../lib/gcc/arm-none-eabi/10.3.1/thumb/v7e-m+fp/hard/crti.o
 .data          0x0000000000000000        0x4 /home/linux/Documents/STM/arm_compiler/gcc-arm-none-eabi-10.3-2021.10/bin/../lib/gcc/arm-none-eabi/10.3.1/thumb/v7e-m+fp/hard/crtbegin.o
 .rodata        0x0000000000000000       0x24 /home/linux/Documents/STM/arm_compiler/gcc-arm-none-eabi-10.3-2021.10/bin/../lib/gcc/arm-none-eabi/10.3.1/thumb/v7e-m+fp/hard/crtbegin.o
 .text          0x0000000000000000       0x7c /home/linux/Documents/STM/arm_compiler/gcc-arm-none-eabi-10.3-2021.10/bin/../lib/gcc/arm-none-eabi/10.3.1/../../../../arm-none-eabi/lib/thumb/v7e-m+fp/hard/crt0.o
 .data          0x0000000000000000        0x0 /home/linux/Documents/STM/arm_compiler/gcc-arm-none-eabi-10.3-2021.10/bin/../lib/gcc/arm-none-eabi/10.3.1/../../../../arm-none-eabi/lib/thumb/v7e-m+fp/hard/crt0.o
 .bss           0x0000000000000000        0x0 /home/linux/Documents/STM/arm_compiler/gcc-arm-none-eabi-10.3-2021.10/bin/../lib/gcc/arm-none-eabi/10.3.1/../../../../arm-none-eabi/lib/thumb/v7e-m+fp/hard/crt0.o
 .ARM.extab     0x0000000000000000        0x0 /home/linux/Documents/STM/arm_compiler/gcc-arm-none-eabi-10.3-2021.10/bin/../lib/gcc/arm-none-eabi/10.3.1/../../../../arm-none-eabi/lib/thumb/v7e-m+fp/hard/crt0.o
 .ARM.exidx     0x0000000000000000       0x10 /home/linux/Documents/STM/arm_compiler/gcc-arm-none-eabi-10.3-2021.10/bin/../lib/gcc/arm-none-eabi/10.3.1/../../../../arm-none-eabi/lib/thumb/v7e-m+fp/hard/crt0.o
 .ARM.attributes
                0x0000000000000000       0x1c /home/linux/Documents/STM/arm_compiler/gcc-arm-none-eabi-10.3-2021.10/bin/../lib/gcc/arm-none-eabi/10.3.1/../../../../arm-none-eabi/lib/thumb/v7e-m+fp/hard/crt0.o
 .text          0x0000000000000000        0x0 /home/linux/Documents/STM/arm_compiler/gcc-arm-none-eabi-10.3-2021.10/bin/../lib/gcc/arm-none-eabi/10.3.1/../../../../arm-none-eabi/lib/thumb/v7e-m+fp/hard/libc_nano.a(lib_a-exit.o)
 .data          0x0000000000000000        0x0 /home/linux/Documents/STM/arm_compiler/gcc-arm-none-eabi-10.3-2021.10/bin/../lib/gcc/arm-none-eabi/10.3.1/../../../../arm-none-eabi/lib/thumb/v7e-m+fp/hard/libc_nano.a(lib_a-exit.o)
 .bss           0x0000000000000000        0x0 /home/linux/Documents/STM/arm_compiler/gcc-arm-none-eabi-10.3-2021.10/bin/../lib/gcc/arm-none-eabi/10.3.1/../../../../arm-none-eabi/lib/thumb/v7e-m+fp/hard/libc_nano.a(lib_a-exit.o)
 .text.exit     0x0000000000000000       0x28 /home/linux/Documents/STM/arm_compiler/gcc-arm-none-eabi-10.3-2021.10/bin/../lib/gcc/arm-none-eabi/10.3.1/../../../../arm-none-eabi/lib/thumb/v7e-m+fp/hard/libc_nano.a(lib_a-exit.o)
 .debug_frame   0x0000000000000000       0x28 /home/linux/Documents/STM/arm_compiler/gcc-arm-none-eabi-10.3-2021.10/bin/../lib/gcc/arm-none-eabi/10.3.1/../../../../arm-none-eabi/lib/thumb/v7e-m+fp/hard/libc_nano.a(lib_a-exit.o)
 .ARM.attributes
                0x0000000000000000       0x34 /home/linux/Documents/STM/arm_compiler/gcc-arm-none-eabi-10.3-2021.10/bin/../lib/gcc/arm-none-eabi/10.3.1/../../../../arm-none-eabi/lib/thumb/v7e-m+fp/hard/libc_nano.a(lib_a-exit.o)
 .text          0x0000000000000000        0x0 /home/linux/Documents/STM/arm_compiler/gcc-arm-none-eabi-10.3-2021.10/bin/../lib/gcc/arm-none-eabi/10.3.1/../../../../arm-none-eabi/lib/thumb/v7e-m+fp/hard/libc_nano.a(lib_a-impure.o)
 .data          0x0000000000000000        0x0 /home/linux/Documents/STM/arm_compiler/gcc-arm-none-eabi-10.3-2021.10/bin/../lib/gcc/arm-none-eabi/10.3.1/../../../../arm-none-eabi/lib/thumb/v7e-m+fp/hard/libc_nano.a(lib_a-impure.o)
 .bss           0x0000000000000000        0x0 /home/linux/Documents/STM/arm_compiler/gcc-arm-none-eabi-10.3-2021.10/bin/../lib/gcc/arm-none-eabi/10.3.1/../../../../arm-none-eabi/lib/thumb/v7e-m+fp/hard/libc_nano.a(lib_a-impure.o)
 .data._impure_ptr
                0x0000000000000000        0x4 /home/linux/Documents/STM/arm_compiler/gcc-arm-none-eabi-10.3-2021.10/bin/../lib/gcc/arm-none-eabi/10.3.1/../../../../arm-none-eabi/lib/thumb/v7e-m+fp/hard/libc_nano.a(lib_a-impure.o)
 .data.impure_data
                0x0000000000000000       0x60 /home/linux/Documents/STM/arm_compiler/gcc-arm-none-eabi-10.3-2021.10/bin/../lib/gcc/arm-none-eabi/10.3.1/../../../../arm-none-eabi/lib/thumb/v7e-m+fp/hard/libc_nano.a(lib_a-impure.o)
 .rodata._global_impure_ptr
                0x0000000000000000        0x4 /home/linux/Documents/STM/arm_compiler/gcc-arm-none-eabi-10.3-2021.10/bin/../lib/gcc/arm-none-eabi/10.3.1/../../../../arm-none-eabi/lib/thumb/v7e-m+fp/hard/libc_nano.a(lib_a-impure.o)
 .ARM.attributes
                0x0000000000000000       0x34 /home/linux/Documents/STM/arm_compiler/gcc-arm-none-eabi-10.3-2021.10/bin/../lib/gcc/arm-none-eabi/10.3.1/../../../../arm-none-eabi/lib/thumb/v7e-m+fp/hard/libc_nano.a(lib_a-impure.o)
 .text          0x0000000000000000        0x0 /home/linux/Documents/STM/arm_compiler/gcc-arm-none-eabi-10.3-2021.10/bin/../lib/gcc/arm-none-eabi/10.3.1/../../../../arm-none-eabi/lib/thumb/v7e-m+fp/hard/libc_nano.a(lib_a-init.o)
 .data          0x0000000000000000        0x0 /home/linux/Documents/STM/arm_compiler/gcc-arm-none-eabi-10.3-2021.10/bin/../lib/gcc/arm-none-eabi/10.3.1/../../../../arm-none-eabi/lib/thumb/v7e-m+fp/hard/libc_nano.a(lib_a-init.o)
 .bss           0x0000000000000000        0x0 /home/linux/Documents/STM/arm_compiler/gcc-arm-none-eabi-10.3-2021.10/bin/../lib/gcc/arm-none-eabi/10.3.1/../../../../arm-none-eabi/lib/thumb/v7e-m+fp/hard/libc_nano.a(lib_a-init.o)
 .text          0x0000000000000000        0x0 /home/linux/Documents/STM/arm_compiler/gcc-arm-none-eabi-10.3-2021.10/bin/../lib/gcc/arm-none-eabi/10.3.1/../../../../arm-none-eabi/lib/thumb/v7e-m+fp/hard/libc_nano.a(lib_a-memset.o)
 .data          0x0000000000000000        0x0 /home/linux/Documents/STM/arm_compiler/gcc-arm-none-eabi-10.3-2021.10/bin/../lib/gcc/arm-none-eabi/10.3.1/../../../../arm-none-eabi/lib/thumb/v7e-m+fp/hard/libc_nano.a(lib_a-memset.o)
 .bss           0x0000000000000000        0x0 /home/linux/Documents/STM/arm_compiler/gcc-arm-none-eabi-10.3-2021.10/bin/../lib/gcc/arm-none-eabi/10.3.1/../../../../arm-none-eabi/lib/thumb/v7e-m+fp/hard/libc_nano.a(lib_a-memset.o)
 .text.memset   0x0000000000000000       0x10 /home/linux/Documents/STM/arm_compiler/gcc-arm-none-eabi-10.3-2021.10/bin/../lib/gcc/arm-none-eabi/10.3.1/../../../../arm-none-eabi/lib/thumb/v7e-m+fp/hard/libc_nano.a(lib_a-memset.o)
 .debug_frame   0x0000000000000000       0x20 /home/linux/Documents/STM/arm_compiler/gcc-arm-none-eabi-10.3-2021.10/bin/../lib/gcc/arm-none-eabi/10.3.1/../../../../arm-none-eabi/lib/thumb/v7e-m+fp/hard/libc_nano.a(lib_a-memset.o)
 .ARM.attributes
                0x0000000000000000       0x34 /home/linux/Documents/STM/arm_compiler/gcc-arm-none-eabi-10.3-2021.10/bin/../lib/gcc/arm-none-eabi/10.3.1/../../../../arm-none-eabi/lib/thumb/v7e-m+fp/hard/libc_nano.a(lib_a-memset.o)
 .text          0x0000000000000000       0x14 startup_stm32f401ccux.o
 .data          0x0000000000000000        0x0 startup_stm32f401ccux.o
 .bss           0x0000000000000000        0x0 startup_stm32f401ccux.o
 .bss           0x0000000000000000        0x0 main.o
 .text          0x0000000000000000        0x0 /home/linux/Documents/STM/arm_compiler/gcc-arm-none-eabi-10.3-2021.10/bin/../lib/gcc/arm-none-eabi/10.3.1/../../../../arm-none-eabi/lib/thumb/v7e-m+fp/hard/libnosys.a(_exit.o)
 .data          0x0000000000000000        0x0 /home/linux/Documents/STM/arm_compiler/gcc-arm-none-eabi-10.3-2021.10/bin/../lib/gcc/arm-none-eabi/10.3.1/../../../../arm-none-eabi/lib/thumb/v7e-m+fp/hard/libnosys.a(_exit.o)
 .bss           0x0000000000000000        0x0 /home/linux/Documents/STM/arm_compiler/gcc-arm-none-eabi-10.3-2021.10/bin/../lib/gcc/arm-none-eabi/10.3.1/../../../../arm-none-eabi/lib/thumb/v7e-m+fp/hard/libnosys.a(_exit.o)
 .text._exit    0x0000000000000000        0x4 /home/linux/Documents/STM/arm_compiler/gcc-arm-none-eabi-10.3-2021.10/bin/../lib/gcc/arm-none-eabi/10.3.1/../../../../arm-none-eabi/lib/thumb/v7e-m+fp/hard/libnosys.a(_exit.o)
 .debug_frame   0x0000000000000000       0x20 /home/linux/Documents/STM/arm_compiler/gcc-arm-none-eabi-10.3-2021.10/bin/../lib/gcc/arm-none-eabi/10.3.1/../../../../arm-none-eabi/lib/thumb/v7e-m+fp/hard/libnosys.a(_exit.o)
 .ARM.attributes
                0x0000000000000000       0x34 /home/linux/Documents/STM/arm_compiler/gcc-arm-none-eabi-10.3-2021.10/bin/../lib/gcc/arm-none-eabi/10.3.1/../../../../arm-none-eabi/lib/thumb/v7e-m+fp/hard/libnosys.a(_exit.o)
 .text          0x0000000000000000        0x0 /home/linux/Documents/STM/arm_compiler/gcc-arm-none-eabi-10.3-2021.10/bin/../lib/gcc/arm-none-eabi/10.3.1/thumb/v7e-m+fp/hard/crtend.o
 .data          0x0000000000000000        0x0 /home/linux/Documents/STM/arm_compiler/gcc-arm-none-eabi-10.3-2021.10/bin/../lib/gcc/arm-none-eabi/10.3.1/thumb/v7e-m+fp/hard/crtend.o
 .bss           0x0000000000000000        0x0 /home/linux/Documents/STM/arm_compiler/gcc-arm-none-eabi-10.3-2021.10/bin/../lib/gcc/arm-none-eabi/10.3.1/thumb/v7e-m+fp/hard/crtend.o
 .rodata        0x0000000000000000       0x24 /home/linux/Documents/STM/arm_compiler/gcc-arm-none-eabi-10.3-2021.10/bin/../lib/gcc/arm-none-eabi/10.3.1/thumb/v7e-m+fp/hard/crtend.o
 .eh_frame      0x0000000000000000        0x4 /home/linux/Documents/STM/arm_compiler/gcc-arm-none-eabi-10.3-2021.10/bin/../lib/gcc/arm-none-eabi/10.3.1/thumb/v7e-m+fp/hard/crtend.o
 .ARM.attributes
                0x0000000000000000       0x34 /home/linux/Documents/STM/arm_compiler/gcc-arm-none-eabi-10.3-2021.10/bin/../lib/gcc/arm-none-eabi/10.3.1/thumb/v7e-m+fp/hard/crtend.o
 .text          0x0000000000000000        0x0 /home/linux/Documents/STM/arm_compiler/gcc-arm-none-eabi-10.3-2021.10/bin/../lib/gcc/arm-none-eabi/10.3.1/thumb/v7e-m+fp/hard/crtn.o
 .data          0x0000000000000000        0x0 /home/linux/Documents/STM/arm_compiler/gcc-arm-none-eabi-10.3-2021.10/bin/../lib/gcc/arm-none-eabi/10.3.1/thumb/v7e-m+fp/hard/crtn.o
 .bss           0x0000000000000000        0x0 /home/linux/Documents/STM/arm_compiler/gcc-arm-none-eabi-10.3-2021.10/bin/../lib/gcc/arm-none-eabi/10.3.1/thumb/v7e-m+fp/hard/crtn.o

Memory Configuration

Name             Origin             Length             Attributes
RAM              0x0000000020000000 0x0000000000010000 xrw
FLASH            0x0000000008000000 0x0000000000040000 xr
*default*        0x0000000000000000 0xffffffffffffffff

Linker script and memory map

LOAD /home/linux/Documents/STM/arm_compiler/gcc-arm-none-eabi-10.3-2021.10/bin/../lib/gcc/arm-none-eabi/10.3.1/thumb/v7e-m+fp/hard/crti.o
LOAD /home/linux/Documents/STM/arm_compiler/gcc-arm-none-eabi-10.3-2021.10/bin/../lib/gcc/arm-none-eabi/10.3.1/thumb/v7e-m+fp/hard/crtbegin.o
LOAD /home/linux/Documents/STM/arm_compiler/gcc-arm-none-eabi-10.3-2021.10/bin/../lib/gcc/arm-none-eabi/10.3.1/../../../../arm-none-eabi/lib/thumb/v7e-m+fp/hard/crt0.o
START GROUP
LOAD /home/linux/Documents/STM/arm_compiler/gcc-arm-none-eabi-10.3-2021.10/bin/../lib/gcc/arm-none-eabi/10.3.1/../../../../arm-none-eabi/lib/thumb/v7e-m+fp/hard/libc_nano.a
LOAD /home/linux/Documents/STM/arm_compiler/gcc-arm-none-eabi-10.3-2021.10/bin/../lib/gcc/arm-none-eabi/10.3.1/../../../../arm-none-eabi/lib/thumb/v7e-m+fp/hard/libm.a
END GROUP
LOAD startup_stm32f401ccux.o
LOAD main.o
START GROUP
LOAD /home/linux/Documents/STM/arm_compiler/gcc-arm-none-eabi-10.3-2021.10/bin/../lib/gcc/arm-none-eabi/10.3.1/thumb/v7e-m+fp/hard/libgcc.a
LOAD /home/linux/Documents/STM/arm_compiler/gcc-arm-none-eabi-10.3-2021.10/bin/../lib/gcc/arm-none-eabi/10.3.1/../../../../arm-none-eabi/lib/thumb/v7e-m+fp/hard/libg_nano.a
LOAD /home/linux/Documents/STM/arm_compiler/gcc-arm-none-eabi-10.3-2021.10/bin/../lib/gcc/arm-none-eabi/10.3.1/../../../../arm-none-eabi/lib/thumb/v7e-m+fp/hard/libc_nano.a
END GROUP
START GROUP
LOAD /home/linux/Documents/STM/arm_compiler/gcc-arm-none-eabi-10.3-2021.10/bin/../lib/gcc/arm-none-eabi/10.3.1/thumb/v7e-m+fp/hard/libgcc.a
LOAD /home/linux/Documents/STM/arm_compiler/gcc-arm-none-eabi-10.3-2021.10/bin/../lib/gcc/arm-none-eabi/10.3.1/../../../../arm-none-eabi/lib/thumb/v7e-m+fp/hard/libc_nano.a
LOAD /home/linux/Documents/STM/arm_compiler/gcc-arm-none-eabi-10.3-2021.10/bin/../lib/gcc/arm-none-eabi/10.3.1/../../../../arm-none-eabi/lib/thumb/v7e-m+fp/hard/libnosys.a
END GROUP
START GROUP
LOAD /home/linux/Documents/STM/arm_compiler/gcc-arm-none-eabi-10.3-2021.10/bin/../lib/gcc/arm-none-eabi/10.3.1/thumb/v7e-m+fp/hard/libgcc.a
LOAD /home/linux/Documents/STM/arm_compiler/gcc-arm-none-eabi-10.3-2021.10/bin/../lib/gcc/arm-none-eabi/10.3.1/../../../../arm-none-eabi/lib/thumb/v7e-m+fp/hard/libc_nano.a
LOAD /home/linux/Documents/STM/arm_compiler/gcc-arm-none-eabi-10.3-2021.10/bin/../lib/gcc/arm-none-eabi/10.3.1/../../../../arm-none-eabi/lib/thumb/v7e-m+fp/hard/libnosys.a
END GROUP
LOAD /home/linux/Documents/STM/arm_compiler/gcc-arm-none-eabi-10.3-2021.10/bin/../lib/gcc/arm-none-eabi/10.3.1/thumb/v7e-m+fp/hard/crtend.o
LOAD /home/linux/Documents/STM/arm_compiler/gcc-arm-none-eabi-10.3-2021.10/bin/../lib/gcc/arm-none-eabi/10.3.1/thumb/v7e-m+fp/hard/crtn.o
                0x0000000020010000                _estack = (ORIGIN (RAM) + LENGTH (RAM))
                0x0000000000000200                _Min_Heap_Size = 0x200
                0x0000000000000400                _Min_Stack_Size = 0x400

.isr_vector     0x0000000008000000      0x194
                0x0000000008000000                . = ALIGN (0x4)
 *(.isr_vector)
 .isr_vector    0x0000000008000000      0x194 startup_stm32f401ccux.o
                0x0000000008000000                g_pfnVectors
                0x0000000008000194                . = ALIGN (0x4)

.text           0x0000000008000194      0x388
                0x0000000008000194                . = ALIGN (0x4)
 *(.text)
 .text          0x0000000008000194       0x40 /home/linux/Documents/STM/arm_compiler/gcc-arm-none-eabi-10.3-2021.10/bin/../lib/gcc/arm-none-eabi/10.3.1/thumb/v7e-m+fp/hard/crtbegin.o
 .text          0x00000000080001d4      0x298 main.o
                0x00000000080001d4                main
                0x00000000080001ea                RCC_CONFIG
                0x0000000008000280                TIMER9_CONFIG
                0x000000000800033c                NVIC_CONFIG
                0x0000000008000374                GPIO_CONFIG
                0x00000000080003ac                LED_BLINK
                0x0000000008000414                TIM1_BRK_TIM9_IRQHandler
 *(.text*)
 .text.__libc_init_array
                0x000000000800046c       0x48 /home/linux/Documents/STM/arm_compiler/gcc-arm-none-eabi-10.3-2021.10/bin/../lib/gcc/arm-none-eabi/10.3.1/../../../../arm-none-eabi/lib/thumb/v7e-m+fp/hard/libc_nano.a(lib_a-init.o)
                0x000000000800046c                __libc_init_array
 .text.Reset_Handler
                0x00000000080004b4       0x4c startup_stm32f401ccux.o
                0x00000000080004b4                Reset_Handler
 .text.Default_Handler
                0x0000000008000500        0x2 startup_stm32f401ccux.o
                0x0000000008000500                RTC_Alarm_IRQHandler
                0x0000000008000500                EXTI2_IRQHandler
                0x0000000008000500                DebugMon_Handler
                0x0000000008000500                SPI4_IRQHandler
                0x0000000008000500                TIM1_CC_IRQHandler
                0x0000000008000500                DMA2_Stream5_IRQHandler
                0x0000000008000500                HardFault_Handler
                0x0000000008000500                DMA1_Stream5_IRQHandler
                0x0000000008000500                SysTick_Handler
                0x0000000008000500                PVD_IRQHandler
                0x0000000008000500                SDIO_IRQHandler
                0x0000000008000500                TAMP_STAMP_IRQHandler
                0x0000000008000500                PendSV_Handler
                0x0000000008000500                NMI_Handler
                0x0000000008000500                EXTI3_IRQHandler
                0x0000000008000500                TIM1_UP_TIM10_IRQHandler
                0x0000000008000500                I2C3_ER_IRQHandler
                0x0000000008000500                EXTI0_IRQHandler
                0x0000000008000500                I2C2_EV_IRQHandler
                0x0000000008000500                DMA1_Stream2_IRQHandler
                0x0000000008000500                FPU_IRQHandler
                0x0000000008000500                UsageFault_Handler
                0x0000000008000500                DMA2_Stream2_IRQHandler
                0x0000000008000500                SPI1_IRQHandler
                0x0000000008000500                DMA2_Stream3_IRQHandler
                0x0000000008000500                USART6_IRQHandler
                0x0000000008000500                DMA2_Stream0_IRQHandler
                0x0000000008000500                TIM4_IRQHandler
                0x0000000008000500                I2C1_EV_IRQHandler
                0x0000000008000500                DMA1_Stream6_IRQHandler
                0x0000000008000500                DMA1_Stream1_IRQHandler
                0x0000000008000500                TIM3_IRQHandler
                0x0000000008000500                RCC_IRQHandler
                0x0000000008000500                Default_Handler
                0x0000000008000500                EXTI15_10_IRQHandler
                0x0000000008000500                ADC_IRQHandler
                0x0000000008000500                DMA1_Stream7_IRQHandler
                0x0000000008000500                TIM5_IRQHandler
                0x0000000008000500                DMA2_Stream7_IRQHandler
                0x0000000008000500                I2C3_EV_IRQHandler
                0x0000000008000500                EXTI9_5_IRQHandler
                0x0000000008000500                RTC_WKUP_IRQHandler
                0x0000000008000500                SPI2_IRQHandler
                0x0000000008000500                MemManage_Handler
                0x0000000008000500                DMA1_Stream0_IRQHandler
                0x0000000008000500                SVC_Handler
                0x0000000008000500                EXTI4_IRQHandler
                0x0000000008000500                WWDG_IRQHandler
                0x0000000008000500                TIM2_IRQHandler
                0x0000000008000500                OTG_FS_WKUP_IRQHandler
                0x0000000008000500                TIM1_TRG_COM_TIM11_IRQHandler
                0x0000000008000500                EXTI1_IRQHandler
                0x0000000008000500                USART2_IRQHandler
                0x0000000008000500                I2C2_ER_IRQHandler
                0x0000000008000500                DMA2_Stream1_IRQHandler
                0x0000000008000500                FLASH_IRQHandler
                0x0000000008000500                DMA2_Stream4_IRQHandler
                0x0000000008000500                BusFault_Handler
                0x0000000008000500                USART1_IRQHandler
                0x0000000008000500                OTG_FS_IRQHandler
                0x0000000008000500                SPI3_IRQHandler
                0x0000000008000500                DMA1_Stream4_IRQHandler
                0x0000000008000500                I2C1_ER_IRQHandler
                0x0000000008000500                DMA2_Stream6_IRQHandler
                0x0000000008000500                DMA1_Stream3_IRQHandler
 *(.glue_7)
 .glue_7        0x0000000008000502        0x0 linker stubs
 *(.glue_7t)
 .glue_7t       0x0000000008000502        0x0 linker stubs
 *(.eh_frame)
 *fill*         0x0000000008000502        0x2 
 .eh_frame      0x0000000008000504        0x0 /home/linux/Documents/STM/arm_compiler/gcc-arm-none-eabi-10.3-2021.10/bin/../lib/gcc/arm-none-eabi/10.3.1/thumb/v7e-m+fp/hard/crtbegin.o
 *(.init)
 .init          0x0000000008000504        0x4 /home/linux/Documents/STM/arm_compiler/gcc-arm-none-eabi-10.3-2021.10/bin/../lib/gcc/arm-none-eabi/10.3.1/thumb/v7e-m+fp/hard/crti.o
                0x0000000008000504                _init
 .init          0x0000000008000508        0x8 /home/linux/Documents/STM/arm_compiler/gcc-arm-none-eabi-10.3-2021.10/bin/../lib/gcc/arm-none-eabi/10.3.1/thumb/v7e-m+fp/hard/crtn.o
 *(.fini)
 .fini          0x0000000008000510        0x4 /home/linux/Documents/STM/arm_compiler/gcc-arm-none-eabi-10.3-2021.10/bin/../lib/gcc/arm-none-eabi/10.3.1/thumb/v7e-m+fp/hard/crti.o
                0x0000000008000510                _fini
 .fini          0x0000000008000514        0x8 /home/linux/Documents/STM/arm_compiler/gcc-arm-none-eabi-10.3-2021.10/bin/../lib/gcc/arm-none-eabi/10.3.1/thumb/v7e-m+fp/hard/crtn.o
                0x000000000800051c                . = ALIGN (0x4)
                0x000000000800051c                _etext = .

.vfp11_veneer   0x000000000800051c        0x0
 .vfp11_veneer  0x000000000800051c        0x0 linker stubs

.v4_bx          0x000000000800051c        0x0
 .v4_bx         0x000000000800051c        0x0 linker stubs

.iplt           0x000000000800051c        0x0
 .iplt          0x000000000800051c        0x0 /home/linux/Documents/STM/arm_compiler/gcc-arm-none-eabi-10.3-2021.10/bin/../lib/gcc/arm-none-eabi/10.3.1/thumb/v7e-m+fp/hard/crtbegin.o

.rel.dyn        0x000000000800051c        0x0
 .rel.iplt      0x000000000800051c        0x0 /home/linux/Documents/STM/arm_compiler/gcc-arm-none-eabi-10.3-2021.10/bin/../lib/gcc/arm-none-eabi/10.3.1/thumb/v7e-m+fp/hard/crtbegin.o

.rodata         0x000000000800051c        0x0
                0x000000000800051c                . = ALIGN (0x4)
 *(.rodata)
 *(.rodata*)
                0x000000000800051c                . = ALIGN (0x4)

.ARM.extab      0x000000000800051c        0x0
                0x000000000800051c                . = ALIGN (0x4)
 *(.ARM.extab* .gnu.linkonce.armextab.*)
                0x000000000800051c                . = ALIGN (0x4)

.ARM            0x000000000800051c        0x0
                0x000000000800051c                . = ALIGN (0x4)
                0x000000000800051c                __exidx_start = .
 *(.ARM.exidx*)
                0x000000000800051c                __exidx_end = .
                0x000000000800051c                . = ALIGN (0x4)

.preinit_array  0x000000000800051c        0x0
                0x000000000800051c                . = ALIGN (0x4)
                0x000000000800051c                PROVIDE (__preinit_array_start = .)
 *(.preinit_array*)
                0x000000000800051c                PROVIDE (__preinit_array_end = .)
                0x000000000800051c                . = ALIGN (0x4)

.init_array     0x000000000800051c        0x4
                0x000000000800051c                . = ALIGN (0x4)
                0x000000000800051c                PROVIDE (__init_array_start = .)
 *(SORT_BY_NAME(.init_array.*))
 *(.init_array*)
 .init_array    0x000000000800051c        0x4 /home/linux/Documents/STM/arm_compiler/gcc-arm-none-eabi-10.3-2021.10/bin/../lib/gcc/arm-none-eabi/10.3.1/thumb/v7e-m+fp/hard/crtbegin.o
                0x0000000008000520                PROVIDE (__init_array_end = .)
                0x0000000008000520                . = ALIGN (0x4)

.fini_array     0x0000000008000520        0x4
                0x0000000008000520                . = ALIGN (0x4)
                [!provide]                        PROVIDE (__fini_array_start = .)
 *(SORT_BY_NAME(.fini_array.*))
 *(.fini_array*)
 .fini_array    0x0000000008000520        0x4 /home/linux/Documents/STM/arm_compiler/gcc-arm-none-eabi-10.3-2021.10/bin/../lib/gcc/arm-none-eabi/10.3.1/thumb/v7e-m+fp/hard/crtbegin.o
                [!provide]                        PROVIDE (__fini_array_end = .)
                0x0000000008000524                . = ALIGN (0x4)
                0x0000000008000524                _sidata = LOADADDR (.data)

.data           0x0000000020000000       0x60 load address 0x0000000008000524
                0x0000000020000000                . = ALIGN (0x4)
                0x0000000020000000                _sdata = .
 *(.data)
 .data          0x0000000020000000       0x60 main.o
                0x0000000020000000                RCC_CR
                0x0000000020000004                RCC_PLLCFGR
                0x0000000020000008                RCC_CFGR
                0x000000002000000c                RCC_AHB1ENR
                0x0000000020000010                RCC_APB2ENR
                0x0000000020000014                GPIOC_MODER
                0x0000000020000018                GPIOC_OTYPER
                0x000000002000001c                GPIOC_ODR
                0x0000000020000020                STK_CTRL
                0x0000000020000024                STK_LOAD
                0x0000000020000028                STK_VAL
                0x000000002000002c                TIM9_CR1
                0x0000000020000030                TIM9_CNT
                0x0000000020000034                TIM9_PSC
                0x0000000020000038                TIM9_ARR
                0x000000002000003c                TIM9_SR
                0x0000000020000040                TIM9_EGR
                0x0000000020000044                TIM9_DIER
                0x0000000020000048                NVIC_ISER
                0x000000002000004c                NVIC_ICER
                0x0000000020000050                NVIC_ISPR
                0x0000000020000054                NVIC_ICPR
                0x0000000020000058                NVIC_IABR
                0x000000002000005c                NVIC_IPR
 *(.data*)
 *(.RamFunc)
 *(.RamFunc*)
                0x0000000020000060                . = ALIGN (0x4)
                0x0000000020000060                _edata = .

.igot.plt       0x0000000020000060        0x0 load address 0x0000000008000584
 .igot.plt      0x0000000020000060        0x0 /home/linux/Documents/STM/arm_compiler/gcc-arm-none-eabi-10.3-2021.10/bin/../lib/gcc/arm-none-eabi/10.3.1/thumb/v7e-m+fp/hard/crtbegin.o
                0x0000000020000060                . = ALIGN (0x4)

.bss            0x0000000020000060       0x1c load address 0x0000000008000584
                0x0000000020000060                _sbss = .
                0x0000000020000060                __bss_start__ = _sbss
 *(.bss)
 .bss           0x0000000020000060       0x1c /home/linux/Documents/STM/arm_compiler/gcc-arm-none-eabi-10.3-2021.10/bin/../lib/gcc/arm-none-eabi/10.3.1/thumb/v7e-m+fp/hard/crtbegin.o
 *(.bss*)
 *(COMMON)
                0x000000002000007c                . = ALIGN (0x4)
                0x000000002000007c                _ebss = .
                0x000000002000007c                __bss_end__ = _ebss

._user_heap_stack
                0x000000002000007c      0x604 load address 0x0000000008000584
                0x0000000020000080                . = ALIGN (0x8)
 *fill*         0x000000002000007c        0x4 
                [!provide]                        PROVIDE (end = .)
                [!provide]                        PROVIDE (_end = .)
                0x0000000020000280                . = (. + _Min_Heap_Size)
 *fill*         0x0000000020000080      0x200 
                0x0000000020000680                . = (. + _Min_Stack_Size)
 *fill*         0x0000000020000280      0x400 
                0x0000000020000680                . = ALIGN (0x8)

/DISCARD/
 libc.a(*)
 libm.a(*)
 libgcc.a(*)

.ARM.attributes
                0x0000000000000000       0x30
 *(.ARM.attributes)
 .ARM.attributes
                0x0000000000000000       0x1e /home/linux/Documents/STM/arm_compiler/gcc-arm-none-eabi-10.3-2021.10/bin/../lib/gcc/arm-none-eabi/10.3.1/thumb/v7e-m+fp/hard/crti.o
 .ARM.attributes
                0x000000000000001e       0x34 /home/linux/Documents/STM/arm_compiler/gcc-arm-none-eabi-10.3-2021.10/bin/../lib/gcc/arm-none-eabi/10.3.1/thumb/v7e-m+fp/hard/crtbegin.o
 .ARM.attributes
                0x0000000000000052       0x34 /home/linux/Documents/STM/arm_compiler/gcc-arm-none-eabi-10.3-2021.10/bin/../lib/gcc/arm-none-eabi/10.3.1/../../../../arm-none-eabi/lib/thumb/v7e-m+fp/hard/libc_nano.a(lib_a-init.o)
 .ARM.attributes
                0x0000000000000086       0x21 startup_stm32f401ccux.o
 .ARM.attributes
                0x00000000000000a7       0x34 main.o
 .ARM.attributes
                0x00000000000000db       0x1e /home/linux/Documents/STM/arm_compiler/gcc-arm-none-eabi-10.3-2021.10/bin/../lib/gcc/arm-none-eabi/10.3.1/thumb/v7e-m+fp/hard/crtn.o
OUTPUT(stm32f401ccux.elf elf32-littlearm)
LOAD linker stubs
LOAD /home/linux/Documents/STM/arm_compiler/gcc-arm-none-eabi-10.3-2021.10/bin/../lib/gcc/arm-none-eabi/10.3.1/../../../../arm-none-eabi/lib/thumb/v7e-m+fp/hard/libc.a
LOAD /home/linux/Documents/STM/arm_compiler/gcc-arm-none-eabi-10.3-2021.10/bin/../lib/gcc/arm-none-eabi/10.3.1/../../../../arm-none-eabi/lib/thumb/v7e-m+fp/hard/libm.a
LOAD /home/linux/Documents/STM/arm_compiler/gcc-arm-none-eabi-10.3-2021.10/bin/../lib/gcc/arm-none-eabi/10.3.1/thumb/v7e-m+fp/hard/libgcc.a

.debug_frame    0x0000000000000000      0x118
 .debug_frame   0x0000000000000000       0x2c /home/linux/Documents/STM/arm_compiler/gcc-arm-none-eabi-10.3-2021.10/bin/../lib/gcc/arm-none-eabi/10.3.1/../../../../arm-none-eabi/lib/thumb/v7e-m+fp/hard/libc_nano.a(lib_a-init.o)
 .debug_frame   0x000000000000002c       0xec main.o

.debug_line     0x0000000000000000      0x25f
 .debug_line    0x0000000000000000       0x77 startup_stm32f401ccux.o
 .debug_line    0x0000000000000077      0x1e8 main.o

.debug_info     0x0000000000000000      0x2bf
 .debug_info    0x0000000000000000       0x22 startup_stm32f401ccux.o
 .debug_info    0x0000000000000022      0x29d main.o

.debug_abbrev   0x0000000000000000       0xa5
 .debug_abbrev  0x0000000000000000       0x12 startup_stm32f401ccux.o
 .debug_abbrev  0x0000000000000012       0x93 main.o

.debug_aranges  0x0000000000000000       0x48
 .debug_aranges
                0x0000000000000000       0x28 startup_stm32f401ccux.o
 .debug_aranges
                0x0000000000000028       0x20 main.o

.debug_str      0x0000000000000000      0x228
 .debug_str     0x0000000000000000       0x5d startup_stm32f401ccux.o
 .debug_str     0x000000000000005d      0x1cb main.o
                                        0x202 (size before relaxing)

.debug_ranges   0x0000000000000000       0x20
 .debug_ranges  0x0000000000000000       0x20 startup_stm32f401ccux.o

.comment        0x0000000000000000       0x49
 .comment       0x0000000000000000       0x49 main.o
                                         0x4a (size before relaxing)
